================================================================================
AGENTCORE DEPLOY LOG
Command: deploy
Started: 2026-08-31T20:21:03.921Z
================================================================================


[13:21:03] STEP: Load deployment target
[13:21:03] Status: SUCCESS
[13:21:03] Duration: 2ms

[13:21:03] STEP: Validate project
[13:21:04] Status: SUCCESS
[13:21:04] Duration: 199ms

[13:21:04] STEP: Sync CDK dependencies
[13:21:04] Status: SUCCESS
[13:21:04] Duration: 2ms

[13:21:04] STEP: Build CDK project
[13:21:06] Status: SUCCESS
[13:21:06] Duration: 2.5s

[13:21:06] STEP: Synthesize CloudFormation
[13:21:12] Status: SUCCESS
[13:21:12] Duration: 5.4s

[13:21:12] STEP: Check bootstrap status
[13:21:12] Status: SUCCESS
[13:21:12] Duration: 196ms

[13:21:12] STEP: Check stack status
[13:21:12] Status: SUCCESS
[13:21:12] Duration: 179ms

[13:21:12] STEP: Deploy to AWS
[13:21:14] Status: SUCCESS
[13:21:14] Duration: 2.5s

[13:21:14] STEP: Persist deployment state
[13:21:15] Status: SUCCESS
[13:21:15] Duration: 170ms

================================================================================
COMPLETED SUCCESSFULLY
Total Duration: 11.8s
================================================================================
