================================================================================
AGENTCORE DEPLOY LOG
Command: deploy
Started: 2026-08-31T20:16:24.139Z
================================================================================


[13:16:24] STEP: Load deployment target
[13:16:24] Status: SUCCESS
[13:16:24] Duration: 3ms

[13:16:24] STEP: Validate project
[13:16:24] Status: SUCCESS
[13:16:24] Duration: 178ms

[13:16:24] STEP: Sync CDK dependencies
[13:16:24] Status: SUCCESS
[13:16:24] Duration: 4ms

[13:16:24] STEP: Build CDK project
[13:16:24] [ERROR] node:internal/modules/cjs/loader:1424
  throw err;
  ^

Error: Cannot find module '../lib/tsc.js'
Require stack:
- /Users/hafsa/Projects/accessflow/agentcore/cdk/node_modules/.bin/tsc
    at Module._resolveFilename (node:internal/modules/cjs/loader:1421:15)
    at defaultResolveImpl (node:internal/modules/cjs/loader:1059:19)
    at resolveForCJSWithHooks (node:internal/modules/cjs/loader:1064:22)
    at Module._load (node:internal/modules/cjs/loader:1227:37)
    at TracingChannel.traceSync (node:diagnostics_channel:328:14)
    at wrapModuleLoad (node:internal/modules/cjs/loader:245:24)
    at Module.require (node:internal/modules/cjs/loader:1504:12)
    at require (node:internal/modules/helpers:152:16)
    at Object.<anonymous> (/Users/hafsa/Projects/accessflow/agentcore/cdk/node_modules/.bin/tsc:2:1)
    at Module._compile (node:internal/modules/cjs/loader:1761:14) {
  code: 'MODULE_NOT_FOUND',
  requireStack: [
    '/Users/hafsa/Projects/accessflow/agentcore/cdk/node_modules/.bin/tsc'
  ]
}

Node.js v24.12.0

[13:16:24] Status: FAILED
[13:16:24] Duration: 475ms

================================================================================
FAILED
Total Duration: 700ms
================================================================================
