================================================================================
AGENTCORE DEPLOY LOG
Command: deploy
Started: 2026-08-31T20:23:57.429Z
================================================================================


[13:23:57] STEP: Load deployment target
[13:23:57] Status: SUCCESS
[13:23:57] Duration: 1ms

[13:23:57] STEP: Validate project
[13:23:57] Status: SUCCESS
[13:23:57] Duration: 168ms

[13:23:57] STEP: Sync CDK dependencies
[13:23:57] Status: SUCCESS
[13:23:57] Duration: 2ms

[13:23:57] STEP: Build CDK project
[13:23:59] Status: SUCCESS
[13:23:59] Duration: 2.3s

[13:23:59] STEP: Synthesize CloudFormation
[13:24:04] Status: SUCCESS
[13:24:04] Duration: 4.6s

[13:24:04] STEP: Check bootstrap status
[13:24:04] Status: SUCCESS
[13:24:04] Duration: 209ms

[13:24:04] STEP: Check stack status
[13:24:04] Status: SUCCESS
[13:24:04] Duration: 165ms

[13:24:04] STEP: Deploy to AWS
[13:24:44] Status: SUCCESS
[13:24:44] Duration: 39.3s

[13:24:44] STEP: Persist deployment state
[13:24:44] Status: SUCCESS
[13:24:44] Duration: 178ms

================================================================================
COMPLETED SUCCESSFULLY
Total Duration: 47.7s
================================================================================
